// Vitest Snapshot v1, https://vitest.dev/guide/snapshot.html

exports[`the golden poster run > rebuilds the finished study 1`] = `
{
  "artifacts": [
    "loci_table: Loci",
    "candidates_table: Ranked candidates",
    "evidence_snapshot: Evidence ledger",
    "report: plant height candidate genes in soybean",
  ],
  "decisions": [
    "dispatch",
    "followup",
    "finish",
  ],
  "evidence": {
    "association": 31,
    "functional_annotation": 1044,
    "known_gene": 3,
    "ortholog": 754,
    "positional": 123,
  },
  "harvest": [
    "functional_annotation 123/123",
    "orthologs 123/123",
    "arabidopsis 123/123",
    "annotation_relevance 123/123",
    "qtl 123/123",
    "gwas_catalog 123/123",
    "known_genes 123/123",
  ],
  "lanes": [
    {
      "findings": 2,
      "model": "agrihub-fake:poster",
      "name": "Locus and variant specialist",
      "specialist": "locus_variant",
      "status": "completed",
      "step": "3/8",
      "tools": 4,
    },
    {
      "findings": 5,
      "model": "agrihub-fake:poster",
      "name": "QTL and GWAS specialist",
      "specialist": "qtl_gwas",
      "status": "completed",
      "step": "3/8",
      "tools": 8,
    },
    {
      "findings": 0,
      "model": "agrihub-fake:poster",
      "name": "Function and orthology specialist",
      "specialist": "function_orthology",
      "status": "completed",
      "step": "3/8",
      "tools": 4,
    },
    {
      "findings": 1,
      "model": "agrihub-fake:poster",
      "name": "Literature specialist",
      "specialist": "literature",
      "status": "completed",
      "step": "4/8",
      "tools": 4,
    },
    {
      "findings": 0,
      "model": "agrihub-fake:poster",
      "name": "Literature specialist",
      "specialist": "literature",
      "status": "completed",
      "step": "3/8",
      "tools": 3,
    },
  ],
  "phase": "reporting",
  "phases": {
    "harvest": {
      "detail": "1955 evidence items for 123 genes; triage brief ~1032 tokens",
      "status": "completed",
    },
    "intake": {
      "detail": "3 valid SNPs of 3 submitted",
      "status": "completed",
    },
    "loci": {
      "detail": "3 loci, 123 candidate genes",
      "status": "completed",
    },
    "planning": {
      "detail": "4 specialists dispatched",
      "status": "completed",
    },
    "ranking": {
      "detail": "15 candidates ranked across 3 loci (rubric v1)",
      "status": "completed",
    },
    "reporting": {
      "detail": null,
      "status": "completed",
    },
    "specialists": {
      "detail": "5 specialist runs returned 8 findings",
      "status": "completed",
    },
  },
  "plan": 7,
  "sources": 19,
}
`;
