// Vitest Snapshot v1, https://vitest.dev/guide/snapshot.html

exports[`the golden poster run > rebuilds the finished study 1`] = `
{
  "artifacts": [
    "loci_table: Loci",
    "candidates_table: Ranked candidates",
    "candidates_full: Full candidate ranking",
    "evidence_snapshot: Evidence ledger",
    "run_trace: Run trace",
    "report: plant height candidate genes in soybean",
  ],
  "decisions": [
    "dispatch",
    "followup",
    "finish",
  ],
  "evidence": {
    "association": 31,
    "expression": 460,
    "functional_annotation": 1068,
    "known_gene": 3,
    "ortholog": 754,
    "positional": 123,
    "regulation": 118,
    "variant": 4,
  },
  "harvest": [
    "functional_annotation 123/123",
    "orthologs 123/123",
    "arabidopsis 123/123",
    "annotation_relevance 123/123",
    "qtl 123/123",
    "gwas_catalog 123/123",
    "known_genes 123/123",
    "expression 123/123",
    "pathways 123/123",
    "regulation 123/123",
    "variant_location 123/123",
  ],
  "lanes": [
    {
      "findings": 2,
      "model": "agrihub-fake:poster",
      "name": "Locus and variant specialist",
      "specialist": "locus_variant",
      "status": "completed",
      "step": "5/8",
      "tools": 8,
    },
    {
      "findings": 5,
      "model": "agrihub-fake:poster",
      "name": "QTL and GWAS specialist",
      "specialist": "qtl_gwas",
      "status": "completed",
      "step": "3/8",
      "tools": 8,
    },
    {
      "findings": 0,
      "model": "agrihub-fake:poster",
      "name": "Function and orthology specialist",
      "specialist": "function_orthology",
      "status": "completed",
      "step": "3/8",
      "tools": 4,
    },
    {
      "findings": 1,
      "model": "agrihub-fake:poster",
      "name": "Literature specialist",
      "specialist": "literature",
      "status": "completed",
      "step": "4/8",
      "tools": 4,
    },
    {
      "findings": 12,
      "model": "agrihub-fake:poster",
      "name": "Expression and network specialist",
      "specialist": "expression_network",
      "status": "completed",
      "step": "6/6",
      "tools": 20,
    },
    {
      "findings": 0,
      "model": "agrihub-fake:poster",
      "name": "Literature specialist",
      "specialist": "literature",
      "status": "completed",
      "step": "3/8",
      "tools": 3,
    },
    {
      "findings": 0,
      "model": "agrihub-fake:poster",
      "name": "Verifier",
      "specialist": null,
      "status": "completed",
      "step": "1/2",
      "tools": 0,
    },
    {
      "findings": 0,
      "model": "agrihub-fake:poster",
      "name": "Report writer",
      "specialist": null,
      "status": "completed",
      "step": "1/1",
      "tools": 0,
    },
  ],
  "phase": "reporting",
  "phases": {
    "harvest": {
      "detail": "2561 evidence items for 123 genes; triage brief ~1406 tokens",
      "status": "completed",
    },
    "intake": {
      "detail": "3 valid SNPs of 3 submitted",
      "status": "completed",
    },
    "loci": {
      "detail": "3 loci, 123 candidate genes",
      "status": "completed",
    },
    "planning": {
      "detail": "5 specialists dispatched",
      "status": "completed",
    },
    "ranking": {
      "detail": "123 candidates ranked across 3 loci (rubric v3)",
      "status": "completed",
    },
    "reporting": {
      "detail": null,
      "status": "completed",
    },
    "specialists": {
      "detail": "6 specialist runs returned 20 findings",
      "status": "completed",
    },
  },
  "plan": 8,
  "sources": 33,
}
`;
